// Jest Snapshot v1, https://goo.gl/fbAQLP

exports[`Cryptopage component matches snapshot 1`] = `null`;
